[    0.000000] Linux version 4.15.0-46-generic (buildd@lgw01-amd64-038) (gcc version 7.3.0 Ubuntu.3.0-16ubuntu3)) #49-Ubuntu SMP Wed Feb 6 09:33:07 UTC 2019 (Ubuntu 4.15.0-46.49-generic 4.15.18)
[    0.000000] Command line: BOOT_IMAGE=/boot/vmlinuz-4.15.0-46-generic root=UUID=822a73e2-308c-44b2-9fa1-6ab062330ee6 ro console=tty1 console=ttyS0
[    0.000000] KERNEL supported cpu:
[    0.000000]   Intel GenuineIntel
[    0.000000]   AMD AuthenticAMD
[    0.000000]   Centaur CentaurHauls
[    0.000000] x86/fpu: Supporting XSAVE feature 0x001: 'x87 floating point registers'
[    0.000000] x86/fpu: Supporting XSAVE feature 0x002: 'SSE registers'
[    0.000000] x86/fpu: Supporting XSAVE feature 0x004: 'AVX registers'
[    0.000000] x86/fpu: xstate_offset[2]:  576, xstate_sizes[2]:  256
[    0.000000] x86/fpu: Enabled xstate features 0x7, context size is 832 bytes, using 'standard' format.
[    0.000000] e820: BIOS-provided physical RAM map:
[    0.000000] BIOS-e820: [mem 0x0000000000000000-0x000000000009fbff] usable
[    0.000000] BIOS-e820: [mem 0x000000000009fc00-0x000000000009ffff] reserved
[    0.000000] BIOS-e820: [mem 0x00000000000f0000-0x00000000000fffff] reserved
[    0.000000] BIOS-e820: [mem 0x0000000000100000-0x000000007ffeffff] usable
[    0.000000] BIOS-e820: [mem 0x000000007fff0000-0x000000007fffffff] ACPI data
[    0.000000] BIOS-e820: [mem 0x00000000fec00000-0x00000000fec00fff] reserved
[    0.000000] BIOS-e820: [mem 0x00000000fee00000-0x00000000fee00fff] reserved
[    0.000000] BIOS-e820: [mem 0x00000000fffc0000-0x00000000ffffffff] reserved
[    0.000000] NX (Execute Disable) protection: active
[    0.000000] SMBIOS 2.5 present.
[    0.000000] DMI: innotek GmbH VirtualBox/VirtualBox, BIOS VirtualBox 12/01/2006
[    0.000000] Hypervisor detected: KVM
[    0.000000] e820: last_pfn = 0x7fff0 max_arch_pfn = 0x400000000
[    0.000000] MTRR: Disabled
[    0.000000] x86/PAT: MTRRs disabled, skipping PAT initialization too.
[    0.000000] CPU MTRRs all blank - virtualized system.
[    0.000000] x86/PAT: Configuration [0-7]: WB  WT  UC- UC  WB  WT  UC- UC  
[    0.000000] found SMP MP-table at [mem 0x0009fff0-0x0009ffff] mapped at [        (ptrval)]
[    0.000000] Scanning 1 areas for low memory corruption
[    0.000000] RAMDISK: [mem 0x359d5000-0x36ce1fff]
[    0.000000] ACPI: Early table checksum verification disabled
[    0.000000] ACPI: RSDP 0x00000000000E0000 000024 (v02 VBOX  )
[    0.000000] ACPI: XSDT 0x000000007FFF0030 00003C (v01 VBOX   VBOXXSDT 00000001 ASL  00000061)
[    0.000000] ACPI: FACP 0x000000007FFF00F0 0000F4 (v04 VBOX   VBOXFACP 00000001 ASL  00000061)
[    0.000000] ACPI: DSDT 0x000000007FFF0470 0021FF (v02 VBOX   VBOXBIOS 00000002 INTL 20180105)
[    0.000000] ACPI: FACS 0x000000007FFF0200 000040
[    0.000000] ACPI: FACS 0x000000007FFF0200 000040
[    0.000000] ACPI: APIC 0x000000007FFF0240 00005C (v02 VBOX   VBOXAPIC 00000001 ASL  00000061)
[    0.000000] ACPI: SSDT 0x000000007FFF02A0 0001CC (v01 VBOX   VBOXCPUT 00000002 INTL 20180105)
[    0.000000] No NUMA configuration found
[    0.000000] Faking a node at [mem 0x0000000000000000-0x000000007ffeffff]
[    0.000000] NODE_DATA(0) allocated [mem 0x7ffc5000-0x7ffeffff]
[    0.000000] kvm-clock: cpu 0, msr 0:7ff44001, primary cpu clock
[    0.000000] kvm-clock: Using msrs 4b564d01 and 4b564d00
[    0.000000] kvm-clock: using sched offset of 3530807489 cycles
[    0.000000] clocksource: kvm-clock: mask: 0xffffffffffffffff max_cycles: 0x1cd42e4dffb, max_idle_ns: 881590591483 ns
[    0.000000] Zone ranges:
[    0.000000]   DMA      [mem 0x0000000000001000-0x0000000000ffffff]
[    0.000000]   DMA32    [mem 0x0000000001000000-0x000000007ffeffff]
[    0.000000]   Normal   empty
[    0.000000]   Device   empty
[    0.000000] Movable zone start for each node
[    0.000000] Early memory node ranges
[    0.000000]   node   0: [mem 0x0000000000001000-0x000000000009efff]
[    0.000000]   node   0: [mem 0x0000000000100000-0x000000007ffeffff]
[    0.000000] Reserved but unavailable: 114 pages
[    0.000000] Initmem setup node 0 [mem 0x0000000000001000-0x000000007ffeffff]
[    0.000000] ACPI: PM-Timer IO Port: 0x4008
[    0.000000] IOAPIC[0]: apic_id 2, version 32, address 0xfec00000, GSI 0-23
[    0.000000] ACPI: INT_SRC_OVR (bus 0 bus_irq 0 global_irq 2 dfl dfl)
[    0.000000] ACPI: INT_SRC_OVR (bus 0 bus_irq 9 global_irq 9 low level)
[    0.000000] Using ACPI (MADT) for SMP configuration information
[    0.000000] smpboot: Allowing 2 CPUs, 0 hotplug CPUs
[    0.000000] PM: Registered nosave memory: [mem 0x00000000-0x00000fff]
[    0.000000] PM: Registered nosave memory: [mem 0x0009f000-0x0009ffff]
[    0.000000] PM: Registered nosave memory: [mem 0x000a0000-0x000effff]
[    0.000000] PM: Registered nosave memory: [mem 0x000f0000-0x000fffff]
[    0.000000] e820: [mm 0x80000000-0xfebfffff] available for PCI devices
[    0.000000] Booting paravirtualized kernel on KVM
[    0.000000] clocksource: refined-jiffies: mask: 0xffffffff max_cycles: 0xffffffff, max_idle_ns: 7645519600211568 ns
[    0.000000] random: get_random_bytes called from start_kernel+0x99/0x4fd with crng_init=0
[    0.000000] setup_percpu: NR_CPUS:8192 nr_cpumask_bits:2 nr_cpu_ids:2 nr_node_ids:1
[    0.000000] percpu: Embedded 46 pages/cpu @        (ptrval) s151552 r8192 d28672 u1048576
[    0.000000] PV qspinlock hash table entries: 256 (order: 0, 4096 bytes)
[    0.000000] Built 1 zonelists, mobility grouping on.  Total pages: 515961
[    0.000000] Policy zone: DMA32
[    0.000000] Kernel command line: BOOT_IMAGE=/boot/vmlinuz-4.15.0-46-generic root=UUID=822a73e2-308c-44b2-9fa1-6ab02330ee6 ro console=tty1 console=ttyS0
[    0.000000] Memory: 2015268K/2096696K available (12300K kernel code, 2473K rwdata, 4252K rodata, 2408K init, 2416K bss, 81428K reserved, 0K cma-reserved)
[    0.000000] SLUB: HWalign=64, Order=0-3, MinObjects=0, CPUs=2, Nodes=1
[    0.000000] Kernel/User page tables isolation: enabled
[    0.000000] ftrace: allocating 39198 entries in 154 pages
[    0.004000] Hierarchical RCU implementation.
[    0.004000] 	RCU restricting CPUs from NR_CPUS=8192 to nr_cpu_ids=2.
[    0.004000] 	Tasks RCU enabled.
[    0.004000] RCU: Adjusting geometry for rcu_fanout_leaf=16, nr_cpu_ids=2
[    0.004000] NR_IRQS: 524544, nr_irqs: 440, preallocated irqs: 16
[    0.004000] Console: colour VGA+ 80x25
[    0.004000] console [tty1] enabled
[    0.004000] console [ttyS0] enabled
[    0.004000] ACPI: Core revision 20170831
[    0.004000] ACPI: 2 ACPI AML tables successfully acquired and loaded
[  00.004000] APIC: Switch to symmetric I/O mode setup
[    0.004553] x2apic enabled
[    0.005833] Switched APIC routing to physical x2apic.
[    0.009403] ..TIMER: vector=0x30 apic1=0 pin1=2 apic2=-1 pin2=-1
[    0.012011] tsc: Detected 2494.336 MHz processor
[    0.016017] Calibrating delay loop (skipped) preset value.. 4988.67 BogoMIPS (lpj=9977344)
[    0.020006] pid_max: default: 32768 minimum: 301
[    0.024053] Security Framework initialized
[    0.028005] Yama: becoming mindful.
[    0.032049] AppArmor: AppArmor initialized
[    0.036192] Dentry cache hash table entries: 262144 (order: 9, 2097152 bytes)
[    0.038710] Inode-cache hash table entries: 131072 (order: 8, 1048576 bytes)
[    0.040047] Mount-cache hash table entries: 4096 (order: 3, 32768 bytes)
[    0.044023] Mountpoint-cache hash table entries: 4096 (order: 3, 32768 bytes)
[    0.048374] mce: CPU supports 0 MCE banks
[    0.049541] Last level iTLB entries: 4KB 512, 2MB 8, 4MB 8
[    0.052006] Last level dTLB entries: 4KB 512, 2MB 32, 4MB 32, 1GB 0
[    0.056010] Spectre V2 : Mitigation: Full generic retpoline
[    0.060005] Spectre V2 : Spectre v2 / SpectreRSB mitigation: Filling RSB on context switch
[    0.061407] Speculative Store Bypass: Vulnerable
[    0.064139] Freeing SMP alternatives memory: 36K
[    0.072000] APIC calibration not consistent with PM-Timer: 104ms instead of 100ms
[    0.072000] APIC delta adjusted to PM-Timer: 6249940 (6500302)
[    0.072078] smpboot: CPU0: Intel(R) Core(TM) i5-3210M CPU @ 2.50GHz (family: 0x6, model: 0x3a, stepping: 0x9)
[    0.076185] Performance Events: unsupported p6 CPU model 58 no PMU driver, software events only.
[    0.078717] Hierarchical SRCU implementation.
[    0.080778] NMI watchdog: Perf event create on CPU 0 failed with -2
[    0.082106] NMI watchdog: Perf NMI watchdog permanently disabled
[    0.084140] smp: Bringing up secondary CPUs ...
[    0.088246] x86: Booting SMP configuration:
[    0.089447] .... node  #0, CPUs:      #1
[    0.004000] kvm-clock: cpu 1, msr 0:7ff44041, secondary cpu clock
[    0.004000] mce: CPU supports 0 MCE banks
[    0.168010] smp: Brought up 1 node, 2 CPUs
[    0.172016] smpboot: Max logical packages: 1
[    0.173015] smpboot: Total of 2 processors activated (9977.34 BogoMIPS)
[    0.176315] devtmpfs: initialized
[    0.180106] x86/mm: Memory block size: 128MB
[    0.184375] evm: security.selinux
[    0.185333] evm: security.SMACK64
[    0.188010] evm: security.SMACK64EXEC
[    0.192010] evm: security.SMACK64TRANSMUTE
[    0.196010] evm: security.SMACK64MMAP
[    0.196975] evm: security.apparmor
[    0.200008] evm: security.ima
[    0.200823] evm: security.capability
[    0.204074] clocksource: jiffies: mask: 0xffffffff max_cycles: 0xffffffff, max_idle_ns: 7645041785100000 ns
[    0.208030] futex hash table entries: 512 (order: 3, 32768 bytes)
[    0.209808] pinctrl core: initialized pinctrl subsystem
[    0.212221] RTC time: 11:07:02, date: 04/01/19
[    0.220262] NET: Registered protocol family 16
[    0.224129] audit: initializing netlink subsys (disabled)
[    0.228075] audit: type=2000 audit(1554116827.317:1): state=initialized audit_enabled=0 res=1
[    0.252015] cpuidle: using governor ladder
[    0.253733] cpuidle: using governor menu
[    0.256175] ACPI: bus type PCI registered
[    0.257649] acpiphp: ACPI Hot Plug PCI Controller Driver version: 0.5
[    0.260148] PCI: Using configuration type 1 for base access
[    0.268047] HugeTLB registered 2.00 MiB page size, pre-allocated 0 pages
[    0.270005] ACPI: Added _OSI(Module Device)
[    0.270005] ACPI: Added _OSI(Processor Device)
[    0.272008] ACPI: Added _OSI(3.0 _SCP Extensions)
[    0.273437] ACPI: Added _OSI(Processor Aggregator Device)
[    0.280012] ACPI: Added _OSI(Linux-Dell-Video)
[    0.280801] ACPI: Added _OSI(Linux-Lenovo-NV-HDMI-Audio)
[    0.281699] ACPI: Added _OSI(Linux-HPI-Hybrid-Graphics)
[    0.292473] ACPI: Executed 1 blocks of module-level executable AML code
[    0.301809] ACPI: Interpreter enabled
[    0.302785] ACPI: (supports S0 S5)
[    0.303612] ACPI: Using IOAPIC for interrupt routing
[    0.312373] PCI: Using host bridge windows from ACPI; if necessary, use "pci=nocrs" and report a bug
[    0.340283] ACPI: Enabled 2 GPEs in block 00 to 07
[    0.350694] ACPI: PCI Root Bridge [PCI0] (domain 0000 [bus 00-ff])
[    0.384029] acpi PNP0A03:00: _OSC: OS supports [ASPM ClockPM Segments MSI]
[    0.392081] acpi PNP0A03:00: _OSC: not requesting OS control; OS requires [ExtendedConfig ASPM ClockPM MSI]
[    0.396035] acpi PNP0A03:00: fail to add MMCONFIG information, can't access extended PCI configuration space under this bridge.
[    0.432649] PCI host bridge to bus 0000:00
[    0.436010] pci_bus 0000:00: root bus resource [io  0x0000-0x0cf7 window]
[    0.437803] pci_bus 0000:00: root bus resource [io  0x0d00-0xffff window]
[    0.439607] pci_bus 0000:00: root bus resource [mem 0x000a0000-0x000bffff window]
[    0.448013] pci_bus 0000:00: root bus resource [mem 0x80000000-0xfdffffff window]
[    0.452010] pci_bus 0000:00: root bus resource [bus 00-ff]
[    0.461470] pci 0000:00:01.1: legacy IDE quirk: reg 0x10: [io  0x01f0-0x01f7]
[    0.462598] pci 0000:00:01.1: legacy IDE quirk: reg 0x14: [io  0x03f6]
[    0.464000] pci 0000:00:01.1: legacy IDE quirk: reg 0x18: [io  0x0170-0x0177]
[    0.468010] pci 0000:00:01.1: legacy IDE quirk: reg 0x1c: [io  0x0376]
[    0.506695] pci 0000:00:07.0: quirk: [io  0x4000-0x403f] claimed by PIIX4 ACPI
[    0.520029] pci 0000:00:07.0: quirk: [io  0x4100-0x410f] claimed by PIIX4 SMB
[    0.580534] ACPI: PCI Interrupt Link [LNKA] (IRQs 5 9 10 *11)
[    0.582873] ACPI: PCI Interrupt Link [LNKB] (IRQs 5 9 *10 11)
[    0.588241] ACPI: PCI Interrupt Link [LNKC] (IRQs 5 *9 10 11)
[    0.596186] ACPI: PCI Interrupt Link [LNKD] (IRQs 5 9 10 *11)
[    0.616559] SCSI subsystem initialized
[    0.617325] pci 0000:00:02.0: vgaarb: setting as boot VGA device
[    0.620000] pci 0000:00:02.0: vgaarb: VGA device added: decodes=io+mem,owns=io+mem,locks=none
[    0.644015] pci 0000:00:02.0: vgaarb: bridge control possible
[    0.660009] vgaarb: loaded
[    0.660599] ACPI: bus type USB registered
[    0.664062] usbcore: registered new interface driver usbfs
[    0.668029] usbcore: registered new interface driver hub
[    0.676069] usbcore: registered new device driver usb
[    0.680097] EDAC MC: Ver: 3.0.0
[    0.696082] PCI: Using ACPI for IRQ routing
[    0.700003] NetLabel: Initializing
[    0.700003] NetLabel:  domain hash size = 128
[    0.700003] NetLabel:  protocols = UNLABELED CIPSOv4 CALIPSO
[    0.700003] NetLabel:  unlabeled traffic allowed by default
[    0.716156] clocksource: Switched to clocksource kvm-clock
[    0.746149] VFS: Disk quotas dquot_6.6.0
[    0.747355] VFS: Dquot-cache hash table entries: 512 (order 0, 4096 bytes)
[    0.775571] AppArmor: AppArmor Filesystem Enabled
[    0.804801] pnp: PnP ACPI init
[    0.816221] pnp: PnP ACPI: found 3 devices
[    0.823422] clocksource: acpi_pm: mask: 0xffffff max_cycles: 0xffffff, max_idle_ns: 2085701024 ns
[    0.825403] NET: Registered protocol family 2
[    0.826434] TCP established hash table entries: 16384 (order: 5, 131072 bytes)
[    0.836554] TCP bind hash table entries: 16384 (order: 6, 262144 bytes)
[    0.838333] TCP: Hash tables configured (established 16384 bind 16384)
[    0.852434] UDP hash table entries: 1024 (order: 3, 32768 bytes)
[    0.866960] UDP-Lite hash table entries: 1024 (order: 3, 32768 bytes)
[    0.883051] NET: Registered protocol family 1
[    0.945050] pci 0000:00:00.0: Limiting direct PCI/PCI transfers
[    0.946680] pci 0000:00:01.0: Activating ISA DMA hang workarounds
[    0.965054] pci 0000:00:02.0: Video device with shadowed ROM at [mem 0x000c0000-0x000dffff]
[    0.976141] Unpacking initramfs...
[    1.359500] Freeing initrd memory: 19508K
[    1.361021] platform rtc_cmos: registered platform RTC device (no PNP device found)
[    1.362869] Scanning for low memory corruption every 60 seconds
[    1.365362] Initialise system trusted keyrings
[    1.366475] Key type blacklist registered
[    1.367350] workingset: timestamp_bits=36 max_order=19 bucket_order=0
[    1.376936] zbud: loaded
[    1.381243] squashfs: version 4.0 (2009/01/31) Phillip Lougher
[    1.385804] fuse init (API version 7.26)
[    1.407808] Key type asymmetric registered
[    1.409163] Asymmetric key parser 'x509' registered
[    1.410546] Block layer SCSI generic (bsg) driver version 0.4 loaded (major 246)
[    1.460906] io scheduler noop registered
[    1.471379] io scheduler deadline registered
[    1.493872] io scheduler cfq registered (default)
[    1.506704] ACPI: AC Adapter [AC] (off-line)
[    1.507776] input: Power Button as /devices/LNXSYSTM:00/LNXPWRBN:00/input/input0
[    1.515488] ACPI: Power Button [PWRF]
[    1.516374] input: Sleep Button as /devices/LNXSYSTM:00/LNXSLPBN:00/input/input1
[    1.525601] ACPI: Sleep Button [SLPF]
[    1.526852] Serial: 8250/16550 driver, 32 ports, IRQ sharing enabled
[    1.528186] ACPI: Battery Slot [BAT0] (battery present)
[    1.552037] 00:02: ttyS0 at I/O 0x3f8 (irq = 4, base_baud = 115200) is a 16550A
[    1.568677] Linux agpgart interface v0.103
[    1.571952] loop: module loaded
[    1.574107] scsi host0: ata_piix
[    1.575511] scsi host1: ata_piix
[    1.576616] ata1: PATA max UDMA/33 cmd 0x1f0 ctl 0x3f6 bmdma 0xd000 irq 14
[    1.585961] ata2: PATA max UDMA/33 cmd 0x170 ctl 0x376 bmdma 0xd008 irq 15
[    1.591809] libphy: Fixed MDIO Bus: probed
[    1.624594] tun: Universal TUN/TAP device driver, 1.6
[    1.635768] PPP generic driver version 2.4.2
[    1.643535] ehci_hcd: USB 2.0 'Enhanced' Host Controller (EHCI) Driver
[    1.645524] ehci-pci: EHCI PCI platform driver
[    1.646788] ehci-platform: EHCI generic platform driver
[    1.650690] ohci_hcd: USB 1.1 'Open' Host Controller (OHCI) Driver
[    1.664960] ohci-pci: OHCI PCI platform driver
[    1.665779] ohci-platform: OHCI generic platform driver
[    1.666843] uhci_hcd: USB Universal Host Controller Interface driver
[    1.668054] i8042: PNP: PS/2 Controller [PNP0303:PS2K,PNP0f03:PS2M] at 0x60,0x64 irq 1,12
[    1.683285] serio: i8042 KBD port at 0x60,0x64 irq 1
[    1.693563] serio: i8042 AUX port at 0x60,0x64 irq 12
[    1.694918] mousedev: PS/2 mouse device common for all mice
[    1.715102] input: AT Translated Set 2 keyboard as /devices/platform/i8042/serio0/input/input2
[    1.750277] rtc_cmos rtc_cmos: rtc core: registered rtc_cmos as rtc0
[    1.757665] rtc_cmos rtc_cmos: alarms up to one day, 114 bytes nvram
[    1.759387] i2c /dev entries driver
[    1.765728] pcie_mp2_amd: AMD(R) PCI-E MP2 Communication Driver Version: 1.0
[    1.767566] device-mapper: uevent: version 1.0.3
[    1.770060] device-mapper: ioctl: 4.37.0-ioctl (2017-09-20) initialised: dm-devel@redhat.com
[    1.777421] ledtrig-cpu: registered to indicate activity on CPUs
[    1.781773] NET: Registered protocol family 10
[    1.790158] Segment Routing with IPv6
[    1.792221] NET: Registered protocol family 17
[    1.799582] Key type dns_resolver registered
[    1.807968] RAS: Correctable Errors collector initialized.
[    1.809613] sched_clock: Marking stable (1809561608, 0)->(2958054484, -1148492876)
[    1.817465] registered taskstats version 1
[    1.818681] Loading compiled-in X.509 certificates
[    1.828907] Loaded X.509 cert 'Build time autogenerated kernel key: b873a790e41754b50f7dbae45b6bd46229c3c73f'
[    1.830809] zswap: loaded using pool lzo/zbud
[    1.847272] Key type big_key registered
[    1.848434] Key type trusted registered
[    1.853413] Key type encrypted registered
[    1.854286] AppArmor: AppArmor sha1 policy hashing enabled
[    1.860660] ima: No TPM chip found, activating TPM-bypass! (rc=-19)
[    1.867914] ima: Allocated hash algorithm: sha1
[    1.874541] evm: HMAC attrs: 0x1
[    1.875689]   Magic number: 15:291:124
[    1.876835] rtc_cmos rtc_cmos: setting system clock to 2019-04-01 11:07:04 UTC (1554116824)
[    1.878909] BIOS EDD facility v0.16 2004-Jun-25, 0 devices found
[    1.880022] EDD information not available.
[    1.889548] Freeing unused kernel memory: 2408K
[    1.908276] Write protecting the kernel read-only data: 20480k
[    1.915535] Freeing unused kernel memory: 2008K
[    1.923452] Freeing unused kernel memory: 1892K
[    1.939485] x86/mm: Checked W+X mappings: passed, no W+X pages found.
[    1.956101] x86/mm: Checking user space page tables
[    1.964769] x86/mm: Checked W+X mappings: passed, no W+X pages found.
Loading, please wait...
starting version 237
[    2.099263] e1000: Intel(R) PRO/1000 Network Driver - version 7.3.21-k8-NAPI
[    2.167004] e1000: Copyright (c) 1999-2006 Intel Corporation.
[    2.229894] Fusion MPT base driver 3.04.20
[    2.236287] Copyright (c) 1999-2008 LSI Corporation
[    2.247288] AVX version of gcm_enc/dec engaged.
[    2.248454] AES CTR mode by8 optimization enabled
[    2.262913] Fusion MPT SPI Host driver 3.04.20
[    2.368069] tsc: Refined TSC clocksource calibration: 2493.866 MHz
[    2.392174] clocksource: tsc: mask: 0xffffffffffffffff max_cycles: 0x23f297129dd, max_idle_ns: 440795232635 ns
[    2.458815] input: ImExPS/2 Generic Explorer Mouse as /devices/platform/i8042/serio1/input/input4
[    2.633289] e1000 0000:00:03.0 eth0: (PCI:33MHz:32-bit) 02:35:80:9c:13:12
[    2.635671] e1000 0000:00:03.0 eth0: Intel(R) PRO/1000 Network Connection
[    2.646622] mptbase: ioc0: Initiating bringup
[    3.044905] ioc0: LSI53C1030 A0: Capabilities={Initiator}
[    4.168511] scsi host2: ioc0: LSI53C1030 A0, FwRev=00000000h, Ports=1, MaxQ=256, IRQ=20
[    4.405136] scsi 2:0:0:0: Direct-Access     VBOX     HARDDISK         1.0  PQ: 0 ANSI: 5
[    4.452343] scsi target2:0:0: Beginning Domain Validation
[    4.470185] scsi target2:0:0: Domain Validation skipping write tests
[    4.479604] scsi target2:0:0: Ending Domain Validation
[    4.481232] scsi target2:0:0: asynchronous
[    4.488460] scsi 2:0:1:0: Direct-Access     VBOX     HARDDISK         1.0  PQ: 0 ANSI: 5
[    4.784409] scsi target2:0:1: Beginning Domain Validation
[    4.788003] random: fast init done
[    4.798445] scsi target2:0:1: Domain Validation skipping write tests
[    4.800497] scsi target2:0:1: Ending Domain Validation
[    4.802656] scsi target2:0:1: asynchronous
[    4.811310] random: systemd-udevd: uninitialized urandom read (16 bytes read)
[    4.811336] random: systemd-udevd: uninitialized urandom read (16 bytes read)
[    4.811339] random: systemd-udevd: uninitialized urandom read (16 bytes read)
[    4.811605] e1000 0000:00:08.0 eth1: (PCI:33MHz:32-bit) 08:00:27:cd:c3:31
[    4.811612] e1000 0000:00:08.0 eth1: Intel(R) PRO/1000 Network Connection
[    4.843067] e1000 0000:00:08.0 enp0s8: renamed from eth1
[    4.869447] sd 2:0:0:0: [sda] 20971520 512-byte logical blocks: (10.7 GB/10.0 GiB)
[    4.873547] sd 2:0:0:0: [sda] Write Protect is off
[    4.876348] sd 2:0:0:0: Attached scsi generic sg0 type 0
[    4.878909] e1000 0000:00:03.0 enp0s3: renamed from eth0
[    4.879218] sd 2:0:0:0: [sda] Incomplete mode parameter data
[    4.879220] sd 2:0:0:0: [sda] Assuming drive cache: write through
[    4.890356] sd 2:0:1:0: [sdb] 20480 512-byte logical blocks: (10.5 MB/10.0 MiB)
[    4.894538] sd 2:0:1:0: [sdb] Write Protect is off
[    4.897206] sd 2:0:1:0: Attached scsi generic sg1 type 0
[    4.900209] sd 2:0:1:0: [sdb] Incomplete mode parameter data
[    4.903188] sd 2:0:1:0: [sdb] Assuming drive cache: write through
[    4.907633]  sda: sda1
[    4.913478] sd 2:0:0:0: [sda] Attached SCSI disk
[    4.930931] sd 2:0:1:0: [sdb] Attached SCSI disk
Begin: Loading essential drivers ... [    6.474356] raid6: sse2x1   gen()  9331 MB/s
[    6.524555] raid6: sse2x1   xor()  5883 MB/s
[    6.584354] raid6: sse2x2   gen() 11616 MB/s
[    6.644352] raid6: sse2x2   xor()  6540 MB/s
[    6.700700] raid6: sse2x4   gen() 10980 MB/s
[    6.748842] raid6: sse2x4   xor()  5667 MB/s
[    6.789348] raid6: using algorithm sse2x2 gen() 11616 MB/s
[    6.798234] raid6: .... xor() 6540 MB/s, rmw enabled
[    6.799678] raid6: using ssse3x2 recovery algorithm
[    6.803340] xor: automatically using best checksumming function   avx       
[    6.808361] async_tx: api initialized (async)
done.
Begin: Running /scripts/init-premount ... done.
Begin: Mounting root file system ... Begin: Running /scripts/local-top ... done.
Begin: Running /scripts/local-premount ... [    6.880563] Btrfs loaded, crc32c=crc32c-intel
Scanning for Btrfs filesystems
done.
Warning: fsck no[    6.935345] EXT4-fs (sda1): mounted filesystem with ordered data mode. Opts: (null)
t present, so skipping root file system
done.
Begin: Running /scripts/local-bottom ... done.
Begin: Running /scripts/init-bottom ... done.
[    7.231037] ip_tables: (C) 2000-2006 Netfilter Core Team
[    7.248354] systemd[1]: systemd 237 running in system mode. (+PAM +AUDIT +SELINUX +IMA +APPARMOR +SMACK +SYSVINIT +UTMP +LIBCRYPTSETUP +GCRYPT +GNUTLS +ACL +XZ +LZ4 +SECCOMP +BLKID +ELFUTILS +KMOD -IDN2 +IDN -PCRE2 default-hierarchy=hybrid)
[    7.302355] systemd[1]: Detected virtualization oracle.
[    7.304436] systemd[1]: Detected architecture x86-64.

Welcome to [1mUbuntu 18.04.2 LTS[0m!

[    7.313914] systemd[1]: Set hostname to <ubuntu-bionic>.
[    7.744851] systemd[1]: Reached target Swap.
[[0;32m  OK  [0m] Reached target Swap.
[    8.321878] systemd[1]: Set up automount Arbitrary Executable File Formats File System Automount Point.
[[0;32m  OK  [0m] Set up automount Arbitrary Executabâ€¦rmats File System Automount Point.
[    8.371134] systemd[1]: Created slice System Slice.
[[0;32m  OK  [0m] Created slice System Slice.
[    8.381651] systemd[1]: Listening on Journal Socket.
[[0;32m  OK  [0m] Listening on Journal Socket.
[    8.393800] systemd[1]: Starting Remount Root and Kernel File Systems...
         Starting Remount Root and Kernel File Systems...
[    8.420322] systemd[1]: Listening on Device-mapper event daemon FIFOs.
[[0;32m  OK  [0m] Listening on Device-mapper event daemon FIFOs.
[[0;32m  OK  [0m] Listening on[    8.458834] EXT4-fs (sda1): re-mounted. Opts: (null)
 LVM2 metadata daemon socket.
[[0;32m  OK  [0m] Listening on Journal Socket (/dev/log).
         Starting Monitoring of LVM2 mirrorsâ€¦ng dmeventd or progress polling...
[[0;32m  OK  [0m] Listening on /dev/initctl Compatibility Named Pipe.
         Mounting POSIX Message Queue File System...
[[0;32m  OK  [0m] Listening on LVM2 poll daemon socket.
[[0;32m  OK  [0m] Reached target User and Group Name Lookups.
[[0;32m  OK  [0m] Created slice User and Session Slice.
[[0;32m  OK  [0m] Reached target Slices.
         Starting Uncomplicated firewall...
[[0;32m  OK  [0m] Listening on Network Service Netlink Socket.
[[0;32m  OK  [0m] Started Forward Password Requests to Wall Directory Watch.
[[0;32m  OK  [0m] Listening on Syslog Socket.
[[0;32m  OK  [0m] Listening on udev Control Socket.
[[0;32m  OK  [0m] Listening on Journal Audit Socket.
         Starting Journal Service...
[[0;32m  OK  [0m] Created slice system-serial\x2dgetty.slice.
         Starting Set the console keyboard layout...
[[0;32m  OK  [0m] Listening on udev Kernel Socket.
         Starting udev Coldplug all Devices...
[[0;32m  OK  [0m] Reached target System Time Synchronized.
         Starting Load Kernel Modules...
         Startin[    8.912722] Loading iSCSI transport class v2.0-870.
g Create list of required stâ€¦ce nodes for the current kernel...
         Mounting Kernel [    9.014893] iscsi: registered transport (tcp)
Debug File System...
         Mounting Huge Pages File System...
[[0;32m  OK  [0[    9.090028] iscsi: registered transport (iser)
m] Started Journal Service.
[[0;32m  OK  [0m] Started Remount Root and Kernel File Systems.
[[0;32m  OK  [0m] Mounted POSIX Message Queue File System.
[[0;32m  OK  [0m] Started Uncomplicated firewall.
[[0;32m  OK  [0m] Started Set the console keyboard layout.
[[0;32m  OK  [0m] Started Load Kernel Modules.
[[0;32m  OK  [0m] Started Create list of required staâ€¦vice nodes for the current kernel.
[[0;32m  OK  [0m] Mounted Kernel Debug File System.
[[0;32m  OK  [0m] Mounted Huge Pages File System.
[[0;32m  OK  [0m] Started LVM2 metadata daemon.
         Starting Create Static Device Nodes in /dev...
         Mounting Kernel Configuration File System...
         Mounting FUSE Control File System...
         Starting Apply Kernel Variables...
         Starting Initial cloud-init job (pre-networking)...
         Starting Load/Save Random Seed...
         Starting Flush Journal to Persistent Storage...
[[0;32m  OK  [0m] Started Monitoring of LVM2 mirrors,â€¦sing dmeventd or progress polling.
[[0;32m  OK  [0m] Started udev Coldplug all Devices.
[[0;32m  OK  [0m] Started Create Static Device Nodes in /dev.
[[0;32m  OK  [0m] Mounted Kernel Configuration File System.
[[0;32m  OK  [0m] Mounted FUSE Control File System.
[[0;32m  OK  [0m] Started Load/Save Random Seed.
         Starting udev Kernel Device Manager...
[[0;32m  OK  [0m] Reached target Local File Systems (Pre).
[[0;32m  OK  [0m] Reached target Local File Systems.
         Starting ebtables ruleset management...
         Starting Tell Plymouth To Write Out Runtime Data...
         Starting Set console font and keymap...
         Starting AppArmor initialization...
[[0;32m  OK  [0m] Started Apply Kernel Variables.
[[0;32m  OK  [0m] Started udev Kernel Device Manager.
[[0;32m  OK  [0m] Started Tell Plymouth To Write Out Runtime Data.
[[0;32m  OK  [0m] Started Set console font and keymap.
[[0;32m  OK  [0m] Started Dispatch Password Requests to Console Directory Watch.
[[0;32m  OK  [0m] Reached target Local Encrypted Volumes.
[[0;32m  OK  [0m] Started ebtables ruleset management.
[[0;32m  OK  [0m] Found device /dev/ttyS0.
[[0;32m  OK  [0m] Started Flush Journal to Persistent Storage.
         Starting Create Volatile Files and Directories...
[[0;32m  OK  [0m] Started Create Volatile Files and Directories.
         Starting Update UTMP about System Boot/Shutdown...
[[0;32m  OK  [0m] Listening on Load/Save RF Kill Switch Status /dev/rfkill Watch.
[[0;32m  OK  [0m] Started Update UTMP about System Boot/Shutdown.
[[0;32m  OK  [0m] Started AppArmor initialization.
[   11.880717] cloud-init[415]: Cloud-init v. 18.4-0ubuntu1~18.04.1 running 'init-local' at Mon, 01 Apr 2019 11:07:14 +0000. Up 11.54 seconds.
[[0;32m  OK  [0m] Started Initial cloud-init job (pre-networking).
[[0;32m  OK  [0m] Reached target Network (Pre).
         Starting Network Service...
[[0;32m  OK  [0m] Started Network Service.
         Starting Network Name Resolution...
         Starting Wait for Network to be Configured...
[[0;32m  OK  [0m] Started Network Name Resolution.
[[0;32m  OK  [0m] Reached target Network.
[[0;32m  OK  [0m] Reached target Host and Network Name Lookups.
[[0;32m  OK  [0m] Started Wait for Network to be Configured.
         Starting Initial cloud-init job (metadata service crawler)...
[   14.339540] cloud-init[647]: Cloud-init v. 18.4-0ubuntu1~18.04.1 running 'init' at Mon, 01 Apr 2019 11:07:16 +0000. Up 14.15 seconds.
[   14.348533] cloud-init[647]: ci-info: ++++++++++++++++++++++++++++++++++++++Net device info+++++++++++++++++++++++++++++++++++++++
[   14.375190] cloud-init[647]: ci-info: +--------+------+-----------------------------+---------------+--------+-------------------+
[   14.390400] cloud-init[647]: ci-info: | Device |  Up  |           Address           |      Mask     | Scope  |     Hw-Address    |
[   14.404676] cloud-init[647]: ci-info: +--------+------+-----------------------------+---------------+--------+-------------------+
[   14.415869] cloud-init[647]: ci-info: | enp0s3 | True |          10.0.2.15          | 255.255.255.0 | global | 02:35:80:9c:13:12 |
[   14.418628] cloud-init[647]: ci-info: | enp0s3 | True |  fe80::35:80ff:fe9c:1312/64 |       .       |  link  | 02:35:80:9c:13:12 |
[   14.430085] cloud-init[647]: ci-info: | enp0s8 | True |        192.168.1.106        | 255.255.255.0 | global | 08:00:27:cd:c3:31 |
[   14.476322] cloud-init[647]: ci-info: | enp0s8 | True | fe80::a00:27ff:fecd:c331/64 |       .       |  link  | 08:00:27:cd:c3:31 |
[   14.512020] cloud-init[647]: ci-info: |   lo   | True |          127.0.0.1          |   255.0.0.0   |  host  |         .         |
[   14.517654] cloud-init[647]: ci-info: |   lo   | True |           ::1/128           |       .       |  host  |         .         |
[   14.523631] cloud-init[647]: ci-info: +--------+------+-----------------------------+---------------+--------+-------------------+
[   14.531541] cloud-init[647]: ci-info: ++++++++++++++++++++++++++++Route IPv4 info+++++++++++++++++++++++++++++
[   14.555901] cloud-init[647]: ci-info: +-------+-------------+----------+-----------------+-----------+-------+
[   14.580093] cloud-init[647]: ci-info: | Route | Destination | Gateway  |     Genmask     | Interface | Flags |
[   14.585591] cloud-init[647]: ci-info: +-------+-------------+----------+-----------------+-----------+-------+
[   14.612360] cloud-init[647]: ci-info: |   0   |   0.0.0.0   | 10.0.2.2 |     0.0.0.0     |   enp0s3  |   UG  |
[   14.665156] cloud-init[647]: ci-info: |   1   |   10.0.2.0  | 0.0.0.0  |  255.255.255.0  |   enp0s3  |   U   |
[   14.728721] cloud-init[647]: ci-info: |   2   |   10.0.2.2  | 0.0.0.0  | 255.255.255.255 |   enp0s3  |   UH  |
[   14.759574] cloud-init[[647]: [0;32m  OK  [0mci-info: |   3   | 192.168.1.0 | 0.0.0.0  |  255.255.255.0  |   enp0s8  |   U   |] 
Started Initial cloud-init job (metadata service crawler).
[[0;32m  OK  [0m] Reached target Cloud-config availability.
[[0;32m  OK  [0m] Reached target Network is Online.
[   14.797704] cloud-init[647]: ci-info: +-------+-------------+----------+-----------------+-----------+-------+
         Starting Availability of block devices...
[[0;32m  OK  [0m] Reached target Remote File Systems (Pre).
[[0;32m  OK  [0m] Reached target Remote File Systems.
[[0;32m  OK  [0m] Reached target System Initialization.
[[0;32m  OK  [0m] Listening on Open-iSCSI iscsid Socket.
[   14.829501] cloud-init[647]: ci-info: +++++++++++++++++++Route IPv6 info+++++++++++++++++++
[[0;32m  OK  [0m] Started Discard unused blocks once a week.
[[0;32m  OK  [0m] Listening on UUID daemon activation socket.
[[0;32m  OK  [0m] Listening on D-Bus System Message Bus Socket.
[[0;32m  OK  [0m] Started Clean PHP session files every 30 mins.
[   14.888175] cloud-init[647]: ci-info: +-------+-------------+---------+-----------+-------+
[[0;32m  OK  [0m] Listening on ACPID Listen Socket.
[[0;32m  OK  [0m] Started Message of the Day.
[   14.991518] cloud-init[647]: ci-info: | Route | Destination | Gateway | Interface | Flags |         
Starting Socket activation for snappy daemon.
[[0;32m  OK  [0m] Started Daily apt download activities.
[   15.023173] cloud-init[647]: ci-info: +-------+-------------+---------+-----------+-------+
         Starting LXD - unix socket.
[   15.078743] cloud-init[647]: ci-info: |   1   |  fe80::/64  |    ::   |   enp0s8  |   U   |
[[0;32m  OK  [0m] Started ACPI Events Check.
[   15.107738] [[0;32m  OK  [0m] Reached target Paths.
[[0;32m  OK  [0m] Started Daily apt upgrade and clean activities.
[[0;32m  OK  [0m] Started Daily Cleanup of Temporary Directories.
[[0;32m  OK  [0m] Reached target Timers.
cloud-init[647]: ci-info: |   2   |  fe80::/64  |    ::   |   enp0s3  |   U   |
[[0;32m  OK  [0m] Started Availability of block devices.
[   15.187651] [[0;32m  OK  [0m] Listening on Socket activation for snappy daemon.
[[0;32m  OK  [0m] Listening on LXD - unix socket.
cloud-init[647]: ci-info: |   4   |    local    |    ::   |   enp0s3  |   U   |
[[0;32m  OK  [0m] Reached target Sockets.
[[0;32m  OK  [0m] Reached target Basic System.
[   15.200413] [[0;32m  OK  [0m] Started Regular background program processing daemon.
cloud-init[647]: ci-info: |   5   |    local    |    ::   |   enp0s8  |   U   |
[   15.248969] cloud-init[647]: ci-info: |   6   |   ff00::/8  |    ::   |   enp0s8  |   U   |
[[   15.280486] cloud-init[647]: ci-info: |   7   |   ff00::/8  |    ::   |   enp0s3  |   U   |
[   15.280719] cloud-init[647]: ci-info: +-------+-------------+---------+-----------+-------+
[0;32m  OK  [0m] Started irqbalance daemon.
         Starting MariaDB 10.3.13 database server...
         Starting Login Service...
         Starting Permit User Sessions...
         Starting System Logging Service...
         Starting Accounts Service...
         Starting OpenBSD Secure Shell server...
         Starting Dispatcher daemon for systemd-networkd...
         Starting LSB: Record successful boot for GRUB...
         Starting The Apache HTTP Server...
[[0;32m  OK  [0m] Started FUSE filesystem for LXC.
[[0;32m  OK  [0m] Started Deferred execution scheduler.
[[0;32m  OK  [0m] Started D-Bus System Message Bus.
[[0;32m  OK  [0m] Started Login Service.
[[0;32m  OK  [0m] Started Unattended Upgrades Shutdown.
         Starting LXD - container startup/shutdown...
         Starting Virtualbox guest utils...
         Starting LSB: automatic crash report generation...
         Starting Snappy daemon...
[[0;32m  OK  [0m] Started System Logging Service.
[[0;32m  OK  [0m] Started Dispatcher daemon for systemd-networkd.
[[0;32m  OK  [0m] Started Permit User Sessions.
[[0;32m  OK  [0m] Started The Apache HTTP Server.
[[0;32m  OK  [0m] Started OpenBSD Secure Shell server.
         Starting Authorization Manager...
         Starting Terminate Plymouth Boot Screen...
         Starting Hold until boot process finishes up...
[[0;32m  OK  [0m] Started LSB: automatic crash report generation.
[[0;32m  OK  [0m] Started Terminate Plymouth Boot Screen.
[[0;32m  OK  [0m] Started Hold until boot process finishes up.
         Starting Set console scheme...
[[0;32m  OK  [0m] Started Serial Getty on ttyS0.
[[0;32m  OK  [0m] Started LSB: Record successful boot for GRUB.
[[0;32m  OK  [0m] Started LXD - container startup/shutdown.
[[0;32m  OK  [0m] Started Virtualbox guest utils.
[[0;32m  OK  [0m] Started Set console scheme.
[[0;32m  OK  [0m] Started Authorization Manager.
[[0;32m  OK  [0m] Started Accounts Service.
[[0;32m  OK  [0m] Created slice system-getty.slice.
[[0;32m  OK  [0m] Started Getty on tty1.
[[0;32m  OK  [0m] Reached target Login Prompts.
[[0;32m  OK  [0m] Started Snappy daemon.
         Starting Wait until snapd is fully seeded...
[[0;32m  OK  [0m] Started Wait until snapd is fully seeded.
         Starting Apply the settings specified in cloud-config...
[   17.819904] cloud-init[1202]: Cloud-init v. 18.4-0ubuntu1~18.04.1 running 'modules:config' at Mon, 01 Apr 2019 11:07:20 +0000. Up 17.68 seconds.
[[0;32m  OK  [0m] Started Apply the settings specified in cloud-config.
[[0;32m  OK  [0m] Started MariaDB 10.3.13 database server.
[[0;32m  OK  [0m] Reached target Multi-User System.
         Starting Execute cloud user/final scripts...
[[0;32m  OK  [0m] Reached target Graphical Interface.
         Starting Update UTMP about System Runlevel Changes...
[[0;32m  OK  [0m] Created slice User Slice of vagrant.
         Starting User Manager for UID 1000...
[[0;32m  OK  [0m] Started Update UTMP about System Runlevel Changes.
[[0;32m  OK  [0m] Started Session 1 of user vagrant.
[[0;32m  OK  [0m] Started User Manager for UID 1000.
[   19.265285] cloud-init[1407]: Cloud-init v. 18.4-0ubuntu1~18.04.1 running 'modules:final' at Mon, 01 Apr 2019 11:07:21 +0000. Up 19.10 seconds.
[[0;32m  OK  [0m] Started Execute cloud user/final scripts.
[[0;32m  OK  [0m[   19.492704] cloud-init[1407]: Cloud-init v. 18.4-0ubuntu1~18.04.1 finished at Mon, 01 Apr 2019 11:07:21 +0000. Datasource DataSourceNoCloud [seed=/dev/sdb][dsmode=net].  Up 19.25 seconds
] Reached target Cloud-init target.

Ubuntu 18.04.2 LTS ubuntu-bionic ttyS0

ubuntu-bionic login:          Stopping Availability of block devices...
         Stopping User Manager for UID 1000...
         Stopping Authorization Manager...
         Stopping Session 4 of user vagrant.
[[0;32m  OK  [0m] Stopped target Timers.
[[0;32m  OK  [0m] Stopped Message of the Day.
[[0;32m  OK  [0m] Stopped Daily Cleanup of Temporary Directories.
[[0;32m  OK  [0m] Stopped Discard unused blocks once a week.
[[0;32m  OK  [0m] Stopped target Cloud-init target.
[[0;32m  OK  [0m] Stopped Execute cloud user/final scripts.
[[0;32m  OK  [0m] Closed Load/Save RF Kill Switch Status /dev/rfkill Watch.
[[0;32m  OK  [0m] Stopped target Graphical Interface.
[[0;32m  OK  [0m] Stopped target Multi-User System.
         Stopping Unattended Upgrades Shutdown...
         Stopping irqbalance daemon...
         Stopping Deferred execution scheduler...
         Stopping Regular background program processing daemon...
         Stopping MariaDB 10.3.13 database server...
         Stopping FUSE filesystem for LXC...
         Stopping System Logging Service...
         Stopping D-Bus System Message Bus...
         Stopping OpenBSD Secure Shell server...
         Stopping Virtualbox guest utils...
         Stopping LSB: Record successful boot for GRUB...
[[0;32m  OK  [0m] Stopped Clean PHP session files every 30 mins.
         Stopping Dispatcher daemon for systemd-networkd...
         Stopping The Apache HTTP Server...
         Stopping LXD - container startup/shutdown...
[[0;32m  OK  [0m] Stopped target Login Prompts.
         Stopping Getty on tty1...
         Stopping Serial Getty on ttyS0...
         Stopping LSB: automatic crash report generation...
[[0;32m  OK  [0m] Stopped Daily apt upgrade and clean activities.
[[0;32m  OK  [0m] Stopped Daily apt download activities.
[[0;32m  OK  [0m] Stopped target System Time Synchronized.
         Stopping Accounts Service...
[[0;32m  OK  [0m] Stopped Apply the settings specified in cloud-config.
[[0;32m  OK  [0m] Stopped target Network is Online.
[[0;32m  OK  [0m] Stopped target Cloud-config availability.
[[0;32m  OK  [0m] Stopped Wait until snapd is fully seeded.
[[0;32m  OK  [0m] Unmounted /var/lib/lxcfs.
[[0;32m  OK  [0m] Stopped Regular background program processing daemon.
[[0;32m  OK  [0m] Stopped irqbalance daemon.
[[0;32m  OK  [0m] Stopped System Logging Service.
[[0;32m  OK  [0m] Stopped Accounts Service.
[[0;32m  OK  [0m] Stopped Dispatcher daemon for systemd-networkd.
[[0;32m  OK  [0m] Stopped Deferred execution scheduler.
[[0;32m  OK  [0m] Stopped Unattended Upgrades Shutdown.
[[0;32m  OK  [0m] Stopped OpenBSD Secure Shell server.
[[0;32m  OK  [0m] Stopped Authorization Manager.
[[0;32m  OK  [0m] Stopped Serial Getty on ttyS0.
[[0;32m  OK  [0m] Stopped Getty on tty1.
[[0;32m  OK  [0m] Stopped User Manager for UID 1000.
[[0;32m  OK  [0m] Stopped Availability of block devices.
[[0;32m  OK  [0m] Stopped D-Bus System Message Bus.
[[0;32m  OK  [0m] Stopped FUSE filesystem for LXC.
[[0;32m  OK  [0m] Stopped Session 4 of user vagrant.
[[0;32m  OK  [0m] Removed slice User Slice of vagrant.
[[0;32m  OK  [0m] Removed slice system-getty.slice.
         Stopping Permit User Sessions...
[[0;32m  OK  [0m] Removed slice system-serial\x2dgetty.slice.
         Stopping Login Service...
[[0;32m  OK  [0m] Stopped LSB: Record successful boot for GRUB.
[[0;32m  OK  [0m] Stopped LXD - container startup/shutdown.
[[0;32m  OK  [0m] Stopped Permit User Sessions.
[[0;32m  OK  [0m] Stopped LSB: automatic crash report generation.
[[0;32m  OK  [0m] Stopped Login Service.
[[0;32m  OK  [0m] Stopped Virtualbox guest utils.
[[0;32m  OK  [0m] Stopped The Apache HTTP Server.
[[0;32m  OK  [0m] Stopped target Host and Network Name Lookups.
[[0;32m  OK  [0m] Stopped target User and Group Name Lookups.
[[0;32m  OK  [0m] Stopped target Remote File Systems.
[[0;32m  OK  [0m] Stopped target Remote File Systems (Pre).
[[0;32m  OK  [0m] Stopped MariaDB 10.3.13 database server.
[[0;32m  OK  [0m] Stopped target Basic System.
[[0;32m  OK  [0m] Stopped target Paths.
[[0;32m  OK  [0m] Stopped ACPI Events Check.
[[0;32m  OK  [0m] Stopped target Slices.
[[0;32m  OK  [0m] Removed slice User and Session Slice.
[[0;32m  OK  [0m] Stopped target Sockets.
[[0;32m  OK  [0m] Closed ACPID Listen Socket.
[[0;32m  OK  [0m] Closed Syslog Socket.
[[0;32m  OK  [0m] Closed LXD - unix socket.
[[0;32m  OK  [0m] Closed Open-iSCSI iscsid Socket.
[[0;32m  OK  [0m] Closed UUID daemon activation socket.
[[0;32m  OK  [0m] Closed D-Bus System Message Bus Socket.
[[0;32m  OK  [0m] Closed Socket activation for snappy daemon.
[[0;32m  OK  [0m] Stopped target Network.
         Stopping Network Name Resolution...
[[0;32m  OK  [0m] Stopped target System Initialization.
[[0;32m  OK  [0m] Stopped Initial cloud-init job (metadata service crawler).
[[0;32m  OK  [0m] Stopped target Local Encrypted Volumes.
[[0;32m  OK  [0m] Stopped Dispatch Password Requests to Console Directory Watch.
[[0;32m  OK  [0m] Stopped Forward Password Requests to Wall Directory Watch.
         Stopping Load/Save Random Seed...
         Stopping Update UTMP about System Boot/Shutdown...
[[0;32m  OK  [0m] Stopped Network Name Resolution.
[[0;32m  OK  [0m] Stopped Load/Save Random Seed.
[[0;32m  OK  [0m] Stopped Update UTMP about System Boot/Shutdown.
[[0;32m  OK  [0m] Stopped Create Volatile Files and Directories.
[[0;32m  OK  [0m] Stopped target Local File Systems.
         Unmounting /run/user/1000...
         Unmounting /var/www/html...
         Unmounting /vagrant...
         Stopping Network Service...
[[0;32m  OK  [0m] Unmounted /run/user/1000.
[[0;32m  OK  [0m] Unmounted /var/www/html.
[[0;32m  OK  [0m] Unmounted /vagrant.
[[0;32m  OK  [0m] Reached target Unmount All Filesystems.
[[0;32m  OK  [0m] Stopped target Swap.
[[0;32m  OK  [0m] Stopped target Local File Systems (Pre).
         Stopping Monitoring of LVM2 mirrorsâ€¦ng dmeventd or progress polling...
[[0;32m  OK  [0m] Stopped Create Static Device Nodes in /dev.
[[0;32m  OK  [0m] Stopped Network Service.
[[0;32m  OK  [0m] Stopped Monitoring of LVM2 mirrors,â€¦sing dmeventd or progress polling.
         Stopping LVM2 metadata daemon...
[[0;32m  OK  [0m] Stopped Apply Kernel Variables.
[[0;32m  OK  [0m] Stopped Load Kernel Modules.
[[0;32m  OK  [0m] Stopped target Network (Pre).
[[0;32m  OK  [0m] Stopped Initial cloud-init job (pre-networking).
[[0;32m  OK  [0m] Stopped Remount Root and Kernel File Systems.
[[0;32m  OK  [0m] Reached target Shutdown.
[[0;32m  OK  [0m] Reached target Final Step.
         Starting Power-Off...
[[0;32m  OK  [0m] Stopped LVM2 metadata daemon.
[  138.315526] reboot: Power down
